0000000    6e49    6573    7472    7420    6568    3120    2030    6964
          I   n   s   e   r   t       t   h   e       1   0       d   i
0000020    6967    2074    756e    626d    7265    203a    6854    2065
          g   i   t       n   u   m   b   e   r   :       T   h   e
0000040    756e    626d    7265    6920    3a73    3120    3332    3534
          n   u   m   b   e   r       i   s   :       1   2   3   4   5
0000060    3736    3938    0a30    4900    736e    7265    2074    6874
          6   7   8   9   0  \n  \0   I   n   s   e   r   t       t   h
0000100    2065    3031    6420    6769    7469    6e20    6d75    6562
          e       1   0       d   i   g   i   t       n   u   m   b   e
0000120    3a72    5420    6568    6e20    6d75    6562    2072    7369
          r   :       T   h   e       n   u   m   b   e   r       i   s
0000140    203a    3231    3433    3635    3837    3039    0a0d
          :       1   2   3   4   5   6   7   8   9   0  \r  \n
0000156
